2025-09-23 13:10:38,064 - System_Logger - ERROR - Unexpected error: Invalid Input Error: Prepared parameters can only be passed as a list or a dictionary
2025-09-23 13:13:36,958 - System_Logger - ERROR - Unexpected error: 'list' object has no attribute 'empty'
2025-09-23 13:14:17,862 - System_Logger - ERROR - No records found for 79-33 213 street
2025-09-23 13:14:33,721 - System_Logger - ERROR - No records found for 79-33 213th street
2025-09-23 13:17:13,279 - System_Logger - ERROR - Error in get_current_owner for BBL 4077700050: Parser Error: syntax error at or near "BY"

LINE 1: ... AND doc_type = 'DEED' GROUP BY documentid, recordedfiledORDER BY recordedfiled DESC LIMIT 1
                                                                          ^
2025-09-23 13:17:13,279 - System_Logger - ERROR - Error in get_previous_home_owners for BBL 4077700050: Parser Error: syntax error at or near "RDER"

LINE 1: ...' AND partytype_desc IN ('GRANTEE/BUYER', 'GRANTOR/SELLER') RDER BY recordedfiled DESC 
                                                                       ^
2025-09-23 13:17:13,410 - System_Logger - ERROR - Unexpected error: Catalog Error: Table with name PulledPermits does not exist!
Did you mean "sqlite_master"?

LINE 1: ..., job_description, expired_date, estimated_job_costs FROM PulledPermits WHERE bbl = ?
                                                                     ^
2025-09-23 13:17:13,410 - System_Logger - ERROR - Unexpected error: Catalog Error: Table with name ViolationsAggregate does not exist!
Did you mean "ecb_violations"?

LINE 1: ...edue, respondentname, house_number, street, city, zip FROM ViolationsAggregate WHERE bbl = ?
                                                                      ^
2025-09-23 13:17:13,410 - System_Logger - ERROR - Unexpected error: Catalog Error: Table with name Zoning does not exist!
Did you mean "acris_document_control_codes"?

LINE 1: SELECT * FROM Zoning WHERE bbl = ?
                      ^
2025-09-23 13:17:32,215 - System_Logger - ERROR - Error in get_current_owner for BBL 4077700050: Parser Error: syntax error at or near "BY"

LINE 1: ... AND doc_type = 'DEED' GROUP BY documentid, recordedfiledORDER BY recordedfiled DESC LIMIT 1
                                                                          ^
2025-09-23 13:17:32,216 - System_Logger - ERROR - Error in get_previous_home_owners for BBL 4077700050: Parser Error: syntax error at or near "RDER"

LINE 1: ...' AND partytype_desc IN ('GRANTEE/BUYER', 'GRANTOR/SELLER') RDER BY recordedfiled DESC 
                                                                       ^
2025-09-23 13:17:32,299 - System_Logger - ERROR - Unexpected error: Catalog Error: Table with name PulledPermits does not exist!
Did you mean "sqlite_master"?

LINE 1: ..., job_description, expired_date, estimated_job_costs FROM PulledPermits WHERE bbl = ?
                                                                     ^
2025-09-23 13:17:32,299 - System_Logger - ERROR - Unexpected error: Catalog Error: Table with name ViolationsAggregate does not exist!
Did you mean "ecb_violations"?

LINE 1: ...edue, respondentname, house_number, street, city, zip FROM ViolationsAggregate WHERE bbl = ?
                                                                      ^
